{
  "version": "1.5.0",
  "plugins_used": [
    {
      "name": "ArtifactoryDetector"
    },
    {
      "name": "AWSKeyDetector"
    },
    {
      "name": "AzureStorageKeyDetector"
    },
    {
      "name": "Base64HighEntropyString",
      "limit": 4.5
    },
    {
      "name": "BasicAuthDetector"
    },
    {
      "name": "CloudantDetector"
    },
    {
      "name": "DiscordBotTokenDetector"
    },
    {
      "name": "GitHubTokenDetector"
    },
    {
      "name": "GitLabTokenDetector"
    },
    {
      "name": "HexHighEntropyString",
      "limit": 3.0
    },
    {
      "name": "IbmCloudIamDetector"
    },
    {
      "name": "IbmCosHmacDetector"
    },
    {
      "name": "IPPublicDetector"
    },
    {
      "name": "JwtTokenDetector"
    },
    {
      "name": "KeywordDetector",
      "keyword_exclude": ""
    },
    {
      "name": "MailchimpDetector"
    },
    {
      "name": "NpmDetector"
    },
    {
      "name": "OpenAIDetector"
    },
    {
      "name": "PrivateKeyDetector"
    },
    {
      "name": "PypiTokenDetector"
    },
    {
      "name": "SendGridDetector"
    },
    {
      "name": "SlackDetector"
    },
    {
      "name": "SoftlayerDetector"
    },
    {
      "name": "SquareOAuthDetector"
    },
    {
      "name": "StripeDetector"
    },
    {
      "name": "TelegramBotTokenDetector"
    },
    {
      "name": "TwilioKeyDetector"
    }
  ],
  "filters_used": [
    {
      "path": "detect_secrets.filters.allowlist.is_line_allowlisted"
    },
    {
      "path": "detect_secrets.filters.common.is_baseline_file",
      "filename": ".secrets.baseline"
    },
    {
      "path": "detect_secrets.filters.common.is_ignored_due_to_verification_policies",
      "min_level": 2
    },
    {
      "path": "detect_secrets.filters.heuristic.is_indirect_reference"
    },
    {
      "path": "detect_secrets.filters.heuristic.is_likely_id_string"
    },
    {
      "path": "detect_secrets.filters.heuristic.is_lock_file"
    },
    {
      "path": "detect_secrets.filters.heuristic.is_not_alphanumeric_string"
    },
    {
      "path": "detect_secrets.filters.heuristic.is_potential_uuid"
    },
    {
      "path": "detect_secrets.filters.heuristic.is_prefixed_with_dollar_sign"
    },
    {
      "path": "detect_secrets.filters.heuristic.is_sequential_string"
    },
    {
      "path": "detect_secrets.filters.heuristic.is_swagger_file"
    },
    {
      "path": "detect_secrets.filters.heuristic.is_templated_secret"
    },
    {
      "path": "detect_secrets.filters.regex.should_exclude_file",
      "pattern": [
        "\\.secrets\\.baseline"
      ]
    }
  ],
  "results": {
    ".env.example": [
      {
        "type": "Basic Auth Credentials",
        "filename": ".env.example",
        "hashed_secret": "1450cfa195ffa82c8f9fa21d8001a6ffcb0c3815",
        "is_verified": false,
        "line_number": 25
      }
    ],
    ".github\\workflows\\nightly.yml": [
      {
        "type": "Secret Keyword",
        "filename": ".github\\workflows\\nightly.yml",
        "hashed_secret": "1450cfa195ffa82c8f9fa21d8001a6ffcb0c3815",
        "is_verified": false,
        "line_number": 27
      },
      {
        "type": "Basic Auth Credentials",
        "filename": ".github\\workflows\\nightly.yml",
        "hashed_secret": "1450cfa195ffa82c8f9fa21d8001a6ffcb0c3815",
        "is_verified": false,
        "line_number": 35
      },
      {
        "type": "Secret Keyword",
        "filename": ".github\\workflows\\nightly.yml",
        "hashed_secret": "c196b4b93568306675bc3f01b3d5b839f0bbf462",
        "is_verified": false,
        "line_number": 37
      },
      {
        "type": "Secret Keyword",
        "filename": ".github\\workflows\\nightly.yml",
        "hashed_secret": "b4e4f5a35bab35c5a2b2a189004f1c27010c9dab",
        "is_verified": false,
        "line_number": 38
      }
    ],
    ".github\\workflows\\on-demand.yml": [
      {
        "type": "Secret Keyword",
        "filename": ".github\\workflows\\on-demand.yml",
        "hashed_secret": "1450cfa195ffa82c8f9fa21d8001a6ffcb0c3815",
        "is_verified": false,
        "line_number": 33
      },
      {
        "type": "Basic Auth Credentials",
        "filename": ".github\\workflows\\on-demand.yml",
        "hashed_secret": "1450cfa195ffa82c8f9fa21d8001a6ffcb0c3815",
        "is_verified": false,
        "line_number": 45
      },
      {
        "type": "Secret Keyword",
        "filename": ".github\\workflows\\on-demand.yml",
        "hashed_secret": "a66099435a7cb08be4c42ada5d8c47dc99d6668d",
        "is_verified": false,
        "line_number": 47
      },
      {
        "type": "Secret Keyword",
        "filename": ".github\\workflows\\on-demand.yml",
        "hashed_secret": "9a718820a37b46fa3eaf2b49bbe4bbfab5be41dc",
        "is_verified": false,
        "line_number": 48
      }
    ],
    ".github\\workflows\\pr-gate.yml": [
      {
        "type": "Secret Keyword",
        "filename": ".github\\workflows\\pr-gate.yml",
        "hashed_secret": "1450cfa195ffa82c8f9fa21d8001a6ffcb0c3815",
        "is_verified": false,
        "line_number": 32
      },
      {
        "type": "Basic Auth Credentials",
        "filename": ".github\\workflows\\pr-gate.yml",
        "hashed_secret": "1450cfa195ffa82c8f9fa21d8001a6ffcb0c3815",
        "is_verified": false,
        "line_number": 44
      },
      {
        "type": "Secret Keyword",
        "filename": ".github\\workflows\\pr-gate.yml",
        "hashed_secret": "a66099435a7cb08be4c42ada5d8c47dc99d6668d",
        "is_verified": false,
        "line_number": 46
      },
      {
        "type": "Secret Keyword",
        "filename": ".github\\workflows\\pr-gate.yml",
        "hashed_secret": "9a718820a37b46fa3eaf2b49bbe4bbfab5be41dc",
        "is_verified": false,
        "line_number": 47
      }
    ],
    ".github\\workflows\\weekly.yml": [
      {
        "type": "Secret Keyword",
        "filename": ".github\\workflows\\weekly.yml",
        "hashed_secret": "1450cfa195ffa82c8f9fa21d8001a6ffcb0c3815",
        "is_verified": false,
        "line_number": 26
      },
      {
        "type": "Basic Auth Credentials",
        "filename": ".github\\workflows\\weekly.yml",
        "hashed_secret": "1450cfa195ffa82c8f9fa21d8001a6ffcb0c3815",
        "is_verified": false,
        "line_number": 31
      },
      {
        "type": "Secret Keyword",
        "filename": ".github\\workflows\\weekly.yml",
        "hashed_secret": "75bd116ca573998cba0c4d1cf87697c3655b11b2",
        "is_verified": false,
        "line_number": 32
      }
    ],
    "DEVKIT_FILES.json": [
      {
        "type": "Hex High Entropy String",
        "filename": "DEVKIT_FILES.json",
        "hashed_secret": "cf5e2bc071133888663cf2e99747d04b16fd42e5",
        "is_verified": false,
        "line_number": 3
      },
      {
        "type": "Hex High Entropy String",
        "filename": "DEVKIT_FILES.json",
        "hashed_secret": "b70d6a37e395ff7f3bab7925e434890f5596414a",
        "is_verified": false,
        "line_number": 4
      },
      {
        "type": "Hex High Entropy String",
        "filename": "DEVKIT_FILES.json",
        "hashed_secret": "1eb4236b81126063a240d321ef23303c059500b7",
        "is_verified": false,
        "line_number": 5
      },
      {
        "type": "Hex High Entropy String",
        "filename": "DEVKIT_FILES.json",
        "hashed_secret": "02128b51930dc25a8dd04acb36c29e128f74921e",
        "is_verified": false,
        "line_number": 6
      },
      {
        "type": "Hex High Entropy String",
        "filename": "DEVKIT_FILES.json",
        "hashed_secret": "cbd1e9c89d8f0377c86b711963fbe9fe1e359beb",
        "is_verified": false,
        "line_number": 7
      },
      {
        "type": "Hex High Entropy String",
        "filename": "DEVKIT_FILES.json",
        "hashed_secret": "3ad3f713096a75c1754c96e0425cbf9643f35878",
        "is_verified": false,
        "line_number": 8
      },
      {
        "type": "Hex High Entropy String",
        "filename": "DEVKIT_FILES.json",
        "hashed_secret": "31cb28fdefa3d05fe1c356477224040b3f37a54e",
        "is_verified": false,
        "line_number": 9
      },
      {
        "type": "Hex High Entropy String",
        "filename": "DEVKIT_FILES.json",
        "hashed_secret": "6ac5a753b9a007074fc7b8f0020ed4427fb488cf",
        "is_verified": false,
        "line_number": 10
      },
      {
        "type": "Hex High Entropy String",
        "filename": "DEVKIT_FILES.json",
        "hashed_secret": "cead49f26155fc5fdf103f989bc8cb72294e64d0",
        "is_verified": false,
        "line_number": 11
      },
      {
        "type": "Hex High Entropy String",
        "filename": "DEVKIT_FILES.json",
        "hashed_secret": "f86663111854d26b20309aeba0120b4c19665358",
        "is_verified": false,
        "line_number": 12
      },
      {
        "type": "Hex High Entropy String",
        "filename": "DEVKIT_FILES.json",
        "hashed_secret": "c2670eec977e6cf0799ff8b8e8d40e731e3fd541",
        "is_verified": false,
        "line_number": 13
      },
      {
        "type": "Hex High Entropy String",
        "filename": "DEVKIT_FILES.json",
        "hashed_secret": "d5e4473f3e25b29c2e4b1a260984340b9627209c",
        "is_verified": false,
        "line_number": 14
      },
      {
        "type": "Hex High Entropy String",
        "filename": "DEVKIT_FILES.json",
        "hashed_secret": "be2d766209c3b72cccbfaead939bcebdfc17289a",
        "is_verified": false,
        "line_number": 15
      },
      {
        "type": "Hex High Entropy String",
        "filename": "DEVKIT_FILES.json",
        "hashed_secret": "b8dd0921dd4fa2b68fccc8d171a8f8fb51f8b288",
        "is_verified": false,
        "line_number": 16
      },
      {
        "type": "Hex High Entropy String",
        "filename": "DEVKIT_FILES.json",
        "hashed_secret": "35dbd1e864a109bd0cb1df174e4bfe0e86aa3e94",
        "is_verified": false,
        "line_number": 17
      },
      {
        "type": "Hex High Entropy String",
        "filename": "DEVKIT_FILES.json",
        "hashed_secret": "8c41e6ecb00a7caf6293f99afcfb9fb203d148ce",
        "is_verified": false,
        "line_number": 18
      },
      {
        "type": "Hex High Entropy String",
        "filename": "DEVKIT_FILES.json",
        "hashed_secret": "91418a0a8ff8d52c15e535b68255afb71edc4c80",
        "is_verified": false,
        "line_number": 19
      },
      {
        "type": "Hex High Entropy String",
        "filename": "DEVKIT_FILES.json",
        "hashed_secret": "c7607d9dcde38fd8c4d409da10f180c1af3f3e34",
        "is_verified": false,
        "line_number": 20
      },
      {
        "type": "Hex High Entropy String",
        "filename": "DEVKIT_FILES.json",
        "hashed_secret": "c157da98e3510503887aec34b28f0da5a6849a12",
        "is_verified": false,
        "line_number": 21
      },
      {
        "type": "Hex High Entropy String",
        "filename": "DEVKIT_FILES.json",
        "hashed_secret": "62ba2c1a15e3dbea2c48c2d5754b679d6579c1da",
        "is_verified": false,
        "line_number": 22
      },
      {
        "type": "Hex High Entropy String",
        "filename": "DEVKIT_FILES.json",
        "hashed_secret": "e8ea614026ce9672c49af0d21a5aa53e10c545cd",
        "is_verified": false,
        "line_number": 23
      },
      {
        "type": "Hex High Entropy String",
        "filename": "DEVKIT_FILES.json",
        "hashed_secret": "5a7d32dd2cb04f3104aa0dee1ac5409ffe610e18",
        "is_verified": false,
        "line_number": 24
      },
      {
        "type": "Hex High Entropy String",
        "filename": "DEVKIT_FILES.json",
        "hashed_secret": "1115a97765d621a22336908402a3eb7ce7757e01",
        "is_verified": false,
        "line_number": 25
      },
      {
        "type": "Hex High Entropy String",
        "filename": "DEVKIT_FILES.json",
        "hashed_secret": "1ac6f3b7463766afbf21b7c0e1c8ad48074517e9",
        "is_verified": false,
        "line_number": 26
      },
      {
        "type": "Hex High Entropy String",
        "filename": "DEVKIT_FILES.json",
        "hashed_secret": "c710a6e5e38e4e4427d61983f840bfc54ca63325",
        "is_verified": false,
        "line_number": 27
      },
      {
        "type": "Hex High Entropy String",
        "filename": "DEVKIT_FILES.json",
        "hashed_secret": "f4f1ef30cea544b2f8b170eb74fea4c96be253e8",
        "is_verified": false,
        "line_number": 28
      },
      {
        "type": "Hex High Entropy String",
        "filename": "DEVKIT_FILES.json",
        "hashed_secret": "a3875be5686a36cae9fbd26d08fff8e260b6c8ae",
        "is_verified": false,
        "line_number": 29
      },
      {
        "type": "Hex High Entropy String",
        "filename": "DEVKIT_FILES.json",
        "hashed_secret": "2a1d5d03d31a696eb4a79c23b3c7df3e2ea4fcce",
        "is_verified": false,
        "line_number": 30
      },
      {
        "type": "Hex High Entropy String",
        "filename": "DEVKIT_FILES.json",
        "hashed_secret": "2a3f6454a7ef6a5fc8b7d83499bfa7ad87b83798",
        "is_verified": false,
        "line_number": 31
      },
      {
        "type": "Hex High Entropy String",
        "filename": "DEVKIT_FILES.json",
        "hashed_secret": "178b86b8240b8e7b8d25896b128ad7c74ccfb575",
        "is_verified": false,
        "line_number": 32
      }
    ],
    "alembic.ini": [
      {
        "type": "Basic Auth Credentials",
        "filename": "alembic.ini",
        "hashed_secret": "1450cfa195ffa82c8f9fa21d8001a6ffcb0c3815",
        "is_verified": false,
        "line_number": 5
      }
    ],
    "app\\core\\config.py": [
      {
        "type": "Basic Auth Credentials",
        "filename": "app\\core\\config.py",
        "hashed_secret": "1450cfa195ffa82c8f9fa21d8001a6ffcb0c3815",
        "is_verified": false,
        "line_number": 16
      }
    ],
    "docker-compose.yml": [
      {
        "type": "Secret Keyword",
        "filename": "docker-compose.yml",
        "hashed_secret": "1450cfa195ffa82c8f9fa21d8001a6ffcb0c3815",
        "is_verified": false,
        "line_number": 11
      },
      {
        "type": "Basic Auth Credentials",
        "filename": "docker-compose.yml",
        "hashed_secret": "1450cfa195ffa82c8f9fa21d8001a6ffcb0c3815",
        "is_verified": false,
        "line_number": 91
      },
      {
        "type": "Secret Keyword",
        "filename": "docker-compose.yml",
        "hashed_secret": "b0ef8b4ea3c0b039382267d2fef149a146d35117",
        "is_verified": false,
        "line_number": 209
      },
      {
        "type": "Secret Keyword",
        "filename": "docker-compose.yml",
        "hashed_secret": "c6fbfe8f0160bc53d7261b84db0cd83ebaaecd5d",
        "is_verified": false,
        "line_number": 212
      },
      {
        "type": "Secret Keyword",
        "filename": "docker-compose.yml",
        "hashed_secret": "bc565f6e909ec7d3c18e2ff5d9eeb2300ff20b7f",
        "is_verified": false,
        "line_number": 474
      }
    ],
    "frontend\\src\\hooks\\useDashboard.ts": [
      {
        "type": "Secret Keyword",
        "filename": "frontend\\src\\hooks\\useDashboard.ts",
        "hashed_secret": "8dfcd3bb9b34f7193d615d09977497669fd0a75f",
        "is_verified": false,
        "line_number": 55
      }
    ],
    "frontend\\src\\tests\\api\\client.test.ts": [
      {
        "type": "Secret Keyword",
        "filename": "frontend\\src\\tests\\api\\client.test.ts",
        "hashed_secret": "4dfad2d5130a5bcaf2716c495de92da13f4389e0",
        "is_verified": false,
        "line_number": 104
      }
    ],
    "scripts\\hooks\\tests\\test_lint_all.py": [
      {
        "type": "Secret Keyword",
        "filename": "scripts\\hooks\\tests\\test_lint_all.py",
        "hashed_secret": "ac4ae97285c19b13201deb9b192d921316db3447",
        "is_verified": false,
        "line_number": 199
      }
    ],
    "scripts\\hooks\\tests\\test_sync_sandbox_secrets.py": [
      {
        "type": "Secret Keyword",
        "filename": "scripts\\hooks\\tests\\test_sync_sandbox_secrets.py",
        "hashed_secret": "8c70690c9ff60930d51aa22926a228c4372ebdef",
        "is_verified": false,
        "line_number": 26
      }
    ],
    "tests\\unit\\test_api_tokens.py": [
      {
        "type": "Secret Keyword",
        "filename": "tests\\unit\\test_api_tokens.py",
        "hashed_secret": "796f2a5109507a8138eb373809f1832fe7dc3cf1",
        "is_verified": false,
        "line_number": 24
      },
      {
        "type": "Secret Keyword",
        "filename": "tests\\unit\\test_api_tokens.py",
        "hashed_secret": "a0f4ea7d91495df92bbac2e2149dfb850fe81396",
        "is_verified": false,
        "line_number": 44
      },
      {
        "type": "Secret Keyword",
        "filename": "tests\\unit\\test_api_tokens.py",
        "hashed_secret": "746bd96d7e39909ff6256444c0647b1f01643d55",
        "is_verified": false,
        "line_number": 53
      },
      {
        "type": "Secret Keyword",
        "filename": "tests\\unit\\test_api_tokens.py",
        "hashed_secret": "074d0e5b14205258dc515a828c63e2982aaeb55b",
        "is_verified": false,
        "line_number": 54
      }
    ],
    "tests\\unit\\test_customers.py": [
      {
        "type": "Secret Keyword",
        "filename": "tests\\unit\\test_customers.py",
        "hashed_secret": "3a821a8a8cb6db5518b6f608a899c606a0ece3f9",
        "is_verified": false,
        "line_number": 54
      }
    ],
    "tests\\unit\\test_health.py": [
      {
        "type": "Secret Keyword",
        "filename": "tests\\unit\\test_health.py",
        "hashed_secret": "211b259c5f8489cf9e1c03ab396998add2004ade",
        "is_verified": false,
        "line_number": 31
      }
    ],
    "tests\\unit\\test_jambonz_engine.py": [
      {
        "type": "Secret Keyword",
        "filename": "tests\\unit\\test_jambonz_engine.py",
        "hashed_secret": "2e7a7ee14caebf378fc32d6cf6f557f347c96773",
        "is_verified": false,
        "line_number": 26
      },
      {
        "type": "Secret Keyword",
        "filename": "tests\\unit\\test_jambonz_engine.py",
        "hashed_secret": "e6dbc31dd1db7a3197c7b3c5cef52af60e4936d3",
        "is_verified": false,
        "line_number": 331
      }
    ],
    "tests\\unit\\test_telnyx_carrier.py": [
      {
        "type": "Secret Keyword",
        "filename": "tests\\unit\\test_telnyx_carrier.py",
        "hashed_secret": "3acfb2c2b433c0ea7ff107e33df91b18e52f960f",
        "is_verified": false,
        "line_number": 16
      }
    ],
    "tests\\unit\\test_vs_log_webhook.py": [
      {
        "type": "Secret Keyword",
        "filename": "tests\\unit\\test_vs_log_webhook.py",
        "hashed_secret": "3a59cf1ca060d362c588bdd8062c0c6f620609e9",
        "is_verified": false,
        "line_number": 16
      }
    ]
  },
  "generated_at": "2026-08-03T22:33:44Z"
}
