{
  "version": "1.5.0",
  "plugins_used": [
    {
      "name": "ArtifactoryDetector"
    },
    {
      "name": "AWSKeyDetector"
    },
    {
      "name": "AzureStorageKeyDetector"
    },
    {
      "name": "Base64HighEntropyString",
      "limit": 4.5
    },
    {
      "name": "BasicAuthDetector"
    },
    {
      "name": "CloudantDetector"
    },
    {
      "name": "DiscordBotTokenDetector"
    },
    {
      "name": "GitHubTokenDetector"
    },
    {
      "name": "GitLabTokenDetector"
    },
    {
      "name": "HexHighEntropyString",
      "limit": 3.0
    },
    {
      "name": "IbmCloudIamDetector"
    },
    {
      "name": "IbmCosHmacDetector"
    },
    {
      "name": "IPPublicDetector"
    },
    {
      "name": "JwtTokenDetector"
    },
    {
      "name": "KeywordDetector",
      "keyword_exclude": ""
    },
    {
      "name": "MailchimpDetector"
    },
    {
      "name": "NpmDetector"
    },
    {
      "name": "OpenAIDetector"
    },
    {
      "name": "PrivateKeyDetector"
    },
    {
      "name": "PypiTokenDetector"
    },
    {
      "name": "SendGridDetector"
    },
    {
      "name": "SlackDetector"
    },
    {
      "name": "SoftlayerDetector"
    },
    {
      "name": "SquareOAuthDetector"
    },
    {
      "name": "StripeDetector"
    },
    {
      "name": "TelegramBotTokenDetector"
    },
    {
      "name": "TwilioKeyDetector"
    }
  ],
  "filters_used": [
    {
      "path": "detect_secrets.filters.allowlist.is_line_allowlisted"
    },
    {
      "path": "detect_secrets.filters.common.is_baseline_file",
      "filename": ".secrets.baseline"
    },
    {
      "path": "detect_secrets.filters.common.is_ignored_due_to_verification_policies",
      "min_level": 2
    },
    {
      "path": "detect_secrets.filters.heuristic.is_indirect_reference"
    },
    {
      "path": "detect_secrets.filters.heuristic.is_likely_id_string"
    },
    {
      "path": "detect_secrets.filters.heuristic.is_lock_file"
    },
    {
      "path": "detect_secrets.filters.heuristic.is_not_alphanumeric_string"
    },
    {
      "path": "detect_secrets.filters.heuristic.is_potential_uuid"
    },
    {
      "path": "detect_secrets.filters.heuristic.is_prefixed_with_dollar_sign"
    },
    {
      "path": "detect_secrets.filters.heuristic.is_sequential_string"
    },
    {
      "path": "detect_secrets.filters.heuristic.is_swagger_file"
    },
    {
      "path": "detect_secrets.filters.heuristic.is_templated_secret"
    },
    {
      "path": "detect_secrets.filters.regex.should_exclude_file",
      "pattern": [
        "(\\.secrets\\.baseline|\\.env\\.example|DEVKIT_FILES\\.json)$"
      ]
    }
  ],
  "results": {
    ".github\\workflows\\nightly.yml": [
      {
        "type": "Secret Keyword",
        "filename": ".github\\workflows\\nightly.yml",
        "hashed_secret": "1450cfa195ffa82c8f9fa21d8001a6ffcb0c3815",
        "is_verified": false,
        "line_number": 27
      },
      {
        "type": "Basic Auth Credentials",
        "filename": ".github\\workflows\\nightly.yml",
        "hashed_secret": "1450cfa195ffa82c8f9fa21d8001a6ffcb0c3815",
        "is_verified": false,
        "line_number": 35
      },
      {
        "type": "Secret Keyword",
        "filename": ".github\\workflows\\nightly.yml",
        "hashed_secret": "c196b4b93568306675bc3f01b3d5b839f0bbf462",
        "is_verified": false,
        "line_number": 37
      },
      {
        "type": "Secret Keyword",
        "filename": ".github\\workflows\\nightly.yml",
        "hashed_secret": "b4e4f5a35bab35c5a2b2a189004f1c27010c9dab",
        "is_verified": false,
        "line_number": 38
      }
    ],
    ".github\\workflows\\on-demand.yml": [
      {
        "type": "Secret Keyword",
        "filename": ".github\\workflows\\on-demand.yml",
        "hashed_secret": "1450cfa195ffa82c8f9fa21d8001a6ffcb0c3815",
        "is_verified": false,
        "line_number": 33
      },
      {
        "type": "Basic Auth Credentials",
        "filename": ".github\\workflows\\on-demand.yml",
        "hashed_secret": "1450cfa195ffa82c8f9fa21d8001a6ffcb0c3815",
        "is_verified": false,
        "line_number": 45
      },
      {
        "type": "Secret Keyword",
        "filename": ".github\\workflows\\on-demand.yml",
        "hashed_secret": "a66099435a7cb08be4c42ada5d8c47dc99d6668d",
        "is_verified": false,
        "line_number": 47
      },
      {
        "type": "Secret Keyword",
        "filename": ".github\\workflows\\on-demand.yml",
        "hashed_secret": "9a718820a37b46fa3eaf2b49bbe4bbfab5be41dc",
        "is_verified": false,
        "line_number": 48
      }
    ],
    ".github\\workflows\\pr-gate.yml": [
      {
        "type": "Secret Keyword",
        "filename": ".github\\workflows\\pr-gate.yml",
        "hashed_secret": "1450cfa195ffa82c8f9fa21d8001a6ffcb0c3815",
        "is_verified": false,
        "line_number": 32
      },
      {
        "type": "Basic Auth Credentials",
        "filename": ".github\\workflows\\pr-gate.yml",
        "hashed_secret": "1450cfa195ffa82c8f9fa21d8001a6ffcb0c3815",
        "is_verified": false,
        "line_number": 44
      },
      {
        "type": "Secret Keyword",
        "filename": ".github\\workflows\\pr-gate.yml",
        "hashed_secret": "a66099435a7cb08be4c42ada5d8c47dc99d6668d",
        "is_verified": false,
        "line_number": 46
      },
      {
        "type": "Secret Keyword",
        "filename": ".github\\workflows\\pr-gate.yml",
        "hashed_secret": "9a718820a37b46fa3eaf2b49bbe4bbfab5be41dc",
        "is_verified": false,
        "line_number": 47
      }
    ],
    ".github\\workflows\\weekly.yml": [
      {
        "type": "Secret Keyword",
        "filename": ".github\\workflows\\weekly.yml",
        "hashed_secret": "1450cfa195ffa82c8f9fa21d8001a6ffcb0c3815",
        "is_verified": false,
        "line_number": 26
      },
      {
        "type": "Basic Auth Credentials",
        "filename": ".github\\workflows\\weekly.yml",
        "hashed_secret": "1450cfa195ffa82c8f9fa21d8001a6ffcb0c3815",
        "is_verified": false,
        "line_number": 31
      },
      {
        "type": "Secret Keyword",
        "filename": ".github\\workflows\\weekly.yml",
        "hashed_secret": "75bd116ca573998cba0c4d1cf87697c3655b11b2",
        "is_verified": false,
        "line_number": 32
      }
    ],
    "alembic.ini": [
      {
        "type": "Basic Auth Credentials",
        "filename": "alembic.ini",
        "hashed_secret": "1450cfa195ffa82c8f9fa21d8001a6ffcb0c3815",
        "is_verified": false,
        "line_number": 5
      }
    ],
    "app\\core\\config.py": [
      {
        "type": "Basic Auth Credentials",
        "filename": "app\\core\\config.py",
        "hashed_secret": "1450cfa195ffa82c8f9fa21d8001a6ffcb0c3815",
        "is_verified": false,
        "line_number": 16
      }
    ],
    "docker-compose.yml": [
      {
        "type": "Secret Keyword",
        "filename": "docker-compose.yml",
        "hashed_secret": "1450cfa195ffa82c8f9fa21d8001a6ffcb0c3815",
        "is_verified": false,
        "line_number": 11
      },
      {
        "type": "Basic Auth Credentials",
        "filename": "docker-compose.yml",
        "hashed_secret": "1450cfa195ffa82c8f9fa21d8001a6ffcb0c3815",
        "is_verified": false,
        "line_number": 91
      },
      {
        "type": "Secret Keyword",
        "filename": "docker-compose.yml",
        "hashed_secret": "b0ef8b4ea3c0b039382267d2fef149a146d35117",
        "is_verified": false,
        "line_number": 233
      },
      {
        "type": "Secret Keyword",
        "filename": "docker-compose.yml",
        "hashed_secret": "c6fbfe8f0160bc53d7261b84db0cd83ebaaecd5d",
        "is_verified": false,
        "line_number": 236
      },
      {
        "type": "Secret Keyword",
        "filename": "docker-compose.yml",
        "hashed_secret": "bc565f6e909ec7d3c18e2ff5d9eeb2300ff20b7f",
        "is_verified": false,
        "line_number": 522
      }
    ],
    "frontend\\src\\hooks\\useDashboard.ts": [
      {
        "type": "Secret Keyword",
        "filename": "frontend\\src\\hooks\\useDashboard.ts",
        "hashed_secret": "8dfcd3bb9b34f7193d615d09977497669fd0a75f",
        "is_verified": false,
        "line_number": 55
      }
    ],
    "frontend\\src\\tests\\api\\client.test.ts": [
      {
        "type": "Secret Keyword",
        "filename": "frontend\\src\\tests\\api\\client.test.ts",
        "hashed_secret": "4dfad2d5130a5bcaf2716c495de92da13f4389e0",
        "is_verified": false,
        "line_number": 104
      }
    ],
    "scripts\\hooks\\tests\\test_lint_all.py": [
      {
        "type": "Secret Keyword",
        "filename": "scripts\\hooks\\tests\\test_lint_all.py",
        "hashed_secret": "ac4ae97285c19b13201deb9b192d921316db3447",
        "is_verified": false,
        "line_number": 202
      }
    ],
    "scripts\\hooks\\tests\\test_sync_sandbox_secrets.py": [
      {
        "type": "Secret Keyword",
        "filename": "scripts\\hooks\\tests\\test_sync_sandbox_secrets.py",
        "hashed_secret": "8c70690c9ff60930d51aa22926a228c4372ebdef",
        "is_verified": false,
        "line_number": 26
      }
    ],
    "tests\\unit\\test_api_tokens.py": [
      {
        "type": "Secret Keyword",
        "filename": "tests\\unit\\test_api_tokens.py",
        "hashed_secret": "796f2a5109507a8138eb373809f1832fe7dc3cf1",
        "is_verified": false,
        "line_number": 24
      },
      {
        "type": "Secret Keyword",
        "filename": "tests\\unit\\test_api_tokens.py",
        "hashed_secret": "a0f4ea7d91495df92bbac2e2149dfb850fe81396",
        "is_verified": false,
        "line_number": 44
      },
      {
        "type": "Secret Keyword",
        "filename": "tests\\unit\\test_api_tokens.py",
        "hashed_secret": "746bd96d7e39909ff6256444c0647b1f01643d55",
        "is_verified": false,
        "line_number": 53
      },
      {
        "type": "Secret Keyword",
        "filename": "tests\\unit\\test_api_tokens.py",
        "hashed_secret": "074d0e5b14205258dc515a828c63e2982aaeb55b",
        "is_verified": false,
        "line_number": 54
      }
    ],
    "tests\\unit\\test_customers.py": [
      {
        "type": "Secret Keyword",
        "filename": "tests\\unit\\test_customers.py",
        "hashed_secret": "52e04ffafc870c4776ecf7d3dddb811aaf1e29d1",
        "is_verified": false,
        "line_number": 33
      },
      {
        "type": "Secret Keyword",
        "filename": "tests\\unit\\test_customers.py",
        "hashed_secret": "3a821a8a8cb6db5518b6f608a899c606a0ece3f9",
        "is_verified": false,
        "line_number": 65
      }
    ],
    "tests\\unit\\test_health.py": [
      {
        "type": "Secret Keyword",
        "filename": "tests\\unit\\test_health.py",
        "hashed_secret": "211b259c5f8489cf9e1c03ab396998add2004ade",
        "is_verified": false,
        "line_number": 31
      }
    ],
    "tests\\unit\\test_jambonz_engine.py": [
      {
        "type": "Secret Keyword",
        "filename": "tests\\unit\\test_jambonz_engine.py",
        "hashed_secret": "2e7a7ee14caebf378fc32d6cf6f557f347c96773",
        "is_verified": false,
        "line_number": 26
      },
      {
        "type": "Secret Keyword",
        "filename": "tests\\unit\\test_jambonz_engine.py",
        "hashed_secret": "e6dbc31dd1db7a3197c7b3c5cef52af60e4936d3",
        "is_verified": false,
        "line_number": 454
      }
    ],
    "tests\\unit\\test_local_e2e_helpers.py": [
      {
        "type": "Secret Keyword",
        "filename": "tests\\unit\\test_local_e2e_helpers.py",
        "hashed_secret": "a62f2225bf70bfaccbc7f1ef2a397836717377de",
        "is_verified": false,
        "line_number": 146
      },
      {
        "type": "Secret Keyword",
        "filename": "tests\\unit\\test_local_e2e_helpers.py",
        "hashed_secret": "0c731a5f1dc781894b434c27b9f6a9cd9d9bdfcb",
        "is_verified": false,
        "line_number": 149
      }
    ],
    "tests\\unit\\test_telnyx_carrier.py": [
      {
        "type": "Secret Keyword",
        "filename": "tests\\unit\\test_telnyx_carrier.py",
        "hashed_secret": "3acfb2c2b433c0ea7ff107e33df91b18e52f960f",
        "is_verified": false,
        "line_number": 16
      }
    ],
    "tests\\unit\\test_vs_log_webhook.py": [
      {
        "type": "Secret Keyword",
        "filename": "tests\\unit\\test_vs_log_webhook.py",
        "hashed_secret": "3a59cf1ca060d362c588bdd8062c0c6f620609e9",
        "is_verified": false,
        "line_number": 16
      }
    ]
  },
  "generated_at": "2026-08-20T20:31:37Z"
}
