{
  "version": "1.5.0",
  "plugins_used": [
    {
      "name": "ArtifactoryDetector"
    },
    {
      "name": "AWSKeyDetector"
    },
    {
      "name": "AzureStorageKeyDetector"
    },
    {
      "name": "Base64HighEntropyString",
      "limit": 4.5
    },
    {
      "name": "BasicAuthDetector"
    },
    {
      "name": "CloudantDetector"
    },
    {
      "name": "DiscordBotTokenDetector"
    },
    {
      "name": "GitHubTokenDetector"
    },
    {
      "name": "GitLabTokenDetector"
    },
    {
      "name": "HexHighEntropyString",
      "limit": 3.0
    },
    {
      "name": "IbmCloudIamDetector"
    },
    {
      "name": "IbmCosHmacDetector"
    },
    {
      "name": "IPPublicDetector"
    },
    {
      "name": "JwtTokenDetector"
    },
    {
      "name": "KeywordDetector",
      "keyword_exclude": ""
    },
    {
      "name": "MailchimpDetector"
    },
    {
      "name": "NpmDetector"
    },
    {
      "name": "OpenAIDetector"
    },
    {
      "name": "PrivateKeyDetector"
    },
    {
      "name": "PypiTokenDetector"
    },
    {
      "name": "SendGridDetector"
    },
    {
      "name": "SlackDetector"
    },
    {
      "name": "SoftlayerDetector"
    },
    {
      "name": "SquareOAuthDetector"
    },
    {
      "name": "StripeDetector"
    },
    {
      "name": "TelegramBotTokenDetector"
    },
    {
      "name": "TwilioKeyDetector"
    }
  ],
  "filters_used": [
    {
      "path": "detect_secrets.filters.allowlist.is_line_allowlisted"
    },
    {
      "path": "detect_secrets.filters.common.is_baseline_file",
      "filename": ".secrets.baseline"
    },
    {
      "path": "detect_secrets.filters.common.is_ignored_due_to_verification_policies",
      "min_level": 2
    },
    {
      "path": "detect_secrets.filters.heuristic.is_indirect_reference"
    },
    {
      "path": "detect_secrets.filters.heuristic.is_likely_id_string"
    },
    {
      "path": "detect_secrets.filters.heuristic.is_lock_file"
    },
    {
      "path": "detect_secrets.filters.heuristic.is_not_alphanumeric_string"
    },
    {
      "path": "detect_secrets.filters.heuristic.is_potential_uuid"
    },
    {
      "path": "detect_secrets.filters.heuristic.is_prefixed_with_dollar_sign"
    },
    {
      "path": "detect_secrets.filters.heuristic.is_sequential_string"
    },
    {
      "path": "detect_secrets.filters.heuristic.is_swagger_file"
    },
    {
      "path": "detect_secrets.filters.heuristic.is_templated_secret"
    }
  ],
  "results": {
    ".claude\\skills\\check-logging\\SKILL.md": [
      {
        "type": "Secret Keyword",
        "filename": ".claude\\skills\\check-logging\\SKILL.md",
        "hashed_secret": "bd2da7a5ef87808a08eb7fe128d66218930790ce",
        "is_verified": false,
        "line_number": 159
      }
    ],
    ".claude\\skills\\make-tests\\state.json": [
      {
        "type": "Hex High Entropy String",
        "filename": ".claude\\skills\\make-tests\\state.json",
        "hashed_secret": "0427010ae284789cd31d7bc76a57cb2cfbb527b8",
        "is_verified": false,
        "line_number": 8
      },
      {
        "type": "Hex High Entropy String",
        "filename": ".claude\\skills\\make-tests\\state.json",
        "hashed_secret": "1d25f4ee15025c81565979b7e25efc07fe06e873",
        "is_verified": false,
        "line_number": 15
      },
      {
        "type": "Hex High Entropy String",
        "filename": ".claude\\skills\\make-tests\\state.json",
        "hashed_secret": "d6ffb3352be03740ba15515df7cb4332f0dbd37b",
        "is_verified": false,
        "line_number": 36
      },
      {
        "type": "Hex High Entropy String",
        "filename": ".claude\\skills\\make-tests\\state.json",
        "hashed_secret": "9bb343454ddfc95f50db5d47fee45e75930f02cd",
        "is_verified": false,
        "line_number": 50
      }
    ],
    ".env.example": [
      {
        "type": "Basic Auth Credentials",
        "filename": ".env.example",
        "hashed_secret": "1450cfa195ffa82c8f9fa21d8001a6ffcb0c3815",
        "is_verified": false,
        "line_number": 5
      }
    ],
    "alembic.ini": [
      {
        "type": "Basic Auth Credentials",
        "filename": "alembic.ini",
        "hashed_secret": "1450cfa195ffa82c8f9fa21d8001a6ffcb0c3815",
        "is_verified": false,
        "line_number": 5
      }
    ],
    "app\\core\\config.py": [
      {
        "type": "Basic Auth Credentials",
        "filename": "app\\core\\config.py",
        "hashed_secret": "1450cfa195ffa82c8f9fa21d8001a6ffcb0c3815",
        "is_verified": false,
        "line_number": 16
      }
    ],
    "docker-compose.yml": [
      {
        "type": "Secret Keyword",
        "filename": "docker-compose.yml",
        "hashed_secret": "1450cfa195ffa82c8f9fa21d8001a6ffcb0c3815",
        "is_verified": false,
        "line_number": 7
      },
      {
        "type": "Basic Auth Credentials",
        "filename": "docker-compose.yml",
        "hashed_secret": "1450cfa195ffa82c8f9fa21d8001a6ffcb0c3815",
        "is_verified": false,
        "line_number": 49
      },
      {
        "type": "Secret Keyword",
        "filename": "docker-compose.yml",
        "hashed_secret": "b0ef8b4ea3c0b039382267d2fef149a146d35117",
        "is_verified": false,
        "line_number": 149
      },
      {
        "type": "Secret Keyword",
        "filename": "docker-compose.yml",
        "hashed_secret": "c6fbfe8f0160bc53d7261b84db0cd83ebaaecd5d",
        "is_verified": false,
        "line_number": 152
      },
      {
        "type": "Secret Keyword",
        "filename": "docker-compose.yml",
        "hashed_secret": "bc565f6e909ec7d3c18e2ff5d9eeb2300ff20b7f",
        "is_verified": false,
        "line_number": 324
      }
    ],
    "frontend\\src\\api\\client.ts": [
      {
        "type": "Base64 High Entropy String",
        "filename": "frontend\\src\\api\\client.ts",
        "hashed_secret": "e47a7c41547ec5d23d1abc50830d0381ca920b84",
        "is_verified": false,
        "line_number": 4
      }
    ],
    "frontend\\src\\hooks\\useDashboard.ts": [
      {
        "type": "Secret Keyword",
        "filename": "frontend\\src\\hooks\\useDashboard.ts",
        "hashed_secret": "8dfcd3bb9b34f7193d615d09977497669fd0a75f",
        "is_verified": false,
        "line_number": 51
      }
    ],
    "tests\\unit\\test_call_sync.py": [
      {
        "type": "Secret Keyword",
        "filename": "tests\\unit\\test_call_sync.py",
        "hashed_secret": "e5e9fa1ba31ecd1ae84f75caaa474f3a663f05f4",
        "is_verified": false,
        "line_number": 97
      }
    ],
    "tests\\unit\\test_customers.py": [
      {
        "type": "Secret Keyword",
        "filename": "tests\\unit\\test_customers.py",
        "hashed_secret": "3a821a8a8cb6db5518b6f608a899c606a0ece3f9",
        "is_verified": false,
        "line_number": 54
      }
    ],
    "tests\\unit\\test_health.py": [
      {
        "type": "Secret Keyword",
        "filename": "tests\\unit\\test_health.py",
        "hashed_secret": "211b259c5f8489cf9e1c03ab396998add2004ade",
        "is_verified": false,
        "line_number": 31
      }
    ],
    "tests\\unit\\test_jambonz_engine.py": [
      {
        "type": "Secret Keyword",
        "filename": "tests\\unit\\test_jambonz_engine.py",
        "hashed_secret": "2e7a7ee14caebf378fc32d6cf6f557f347c96773",
        "is_verified": false,
        "line_number": 25
      },
      {
        "type": "Secret Keyword",
        "filename": "tests\\unit\\test_jambonz_engine.py",
        "hashed_secret": "e6dbc31dd1db7a3197c7b3c5cef52af60e4936d3",
        "is_verified": false,
        "line_number": 251
      }
    ],
    "tests\\unit\\test_telnyx_carrier.py": [
      {
        "type": "Secret Keyword",
        "filename": "tests\\unit\\test_telnyx_carrier.py",
        "hashed_secret": "3acfb2c2b433c0ea7ff107e33df91b18e52f960f",
        "is_verified": false,
        "line_number": 13
      }
    ],
    "tests\\unit\\test_webhooks.py": [
      {
        "type": "Secret Keyword",
        "filename": "tests\\unit\\test_webhooks.py",
        "hashed_secret": "5beb6dfae1c9698d0222ba1d30d27b54601d3e48",
        "is_verified": false,
        "line_number": 71
      }
    ]
  },
  "generated_at": "2026-03-23T20:29:52Z"
}
